19:47:41 - Command [C:\iasi-org-dev\iasi-infra]: git remote get-url origin
19:47:41 - Command [.]: gh variable get VERSION --org iasi-org-dev
--- PARMS ------------------------------------------------
Verbose: 1
All: false
Checkpoints: false
Debug: false
PrepareOnly: false
DryRun: false
Force: false
Help: false
Install: false
Local: false
Push: false
Tolerant: false
Message: "build"
Format: ""
Platforms:
  - windows
  - linux
Path: ""
LogDir: ""
Organization: "iasi-org-dev"
Version: "v0.5.0"
TargetVersion: ""
MaterializeDestination: ""
Subcommand: ""
RequestedTargets:
Targets:
  iasi-infra [repository]
    iasi-net [software]
Exclusions:
  - .git
  - .github
  - tests
Repos:
  - C:\iasi-org-dev\iasi-infra
BlackList:
----------------------------------------------------------
19:47:42 - ============================================================
19:47:42 - Build iasi-infra [repository]
19:47:42 - ============================================================
19:47:42 - ============================================================
19:47:42 -   Build iasi-net [software]
19:47:42 - ============================================================
19:47:42 - Command [C:\iasi-org-dev\iasi-infra\artifacts\iasi-net]: iasi-script
template "network" for target "powershell" not found; tried C:\iasi-org-dev\iasi-infra\artifacts\iasi-net\src\network.powershell.tpl and C:\iasi-org-dev\iasi-infra\artifacts\iasi-net\src\network.tpl
19:47:42 - ERROR: La operación ha fallado con RC 16 (0x10). Revisa el log: C:\iasi-org-dev\iasi-infra\logs\iasi-build-20260916194741.log
