19:25:36 - Command [C:\iasi-org-dev\iasi-infra]: git remote get-url origin
19:25:36 - Command [.]: gh variable get VERSION --org iasi-org-dev
--- PARMS ------------------------------------------------
Verbose: 1
All: false
Checkpoints: false
Debug: false
PrepareOnly: false
DryRun: false
Force: false
Help: false
Install: false
Local: false
Push: false
Tolerant: false
Message: "build"
Format: ""
Platforms:
  - windows
  - linux
Path: ""
LogDir: ""
Organization: "iasi-org-dev"
Version: "v0.5.0"
TargetVersion: ""
MaterializeDestination: ""
Subcommand: ""
RequestedTargets:
Targets:
  iasi-infra [repository]
    iasi-net [software]
Exclusions:
  - .git
  - .github
  - tests
Repos:
  - C:\iasi-org-dev\iasi-infra
BlackList:
----------------------------------------------------------
19:25:37 - ============================================================
19:25:37 - Build iasi-infra [repository]
19:25:37 - ============================================================
19:25:37 - ============================================================
19:25:37 -   Build iasi-net [software]
19:25:37 - ============================================================
19:25:37 - Command [C:\iasi-org-dev\iasi-infra\artifacts\iasi-net]: iasi-script
cannot parse template C:\iasi-org-dev\iasi-infra\artifacts\iasi-net\network.ps1.tpl: open C:\iasi-org-dev\iasi-infra\artifacts\iasi-net\network.ps1.tpl: El sistema no puede encontrar el archivo especificado.
19:25:37 - ERROR: La operación ha fallado con RC 16 (0x10). Revisa el log: C:\iasi-org-dev\iasi-infra\logs\iasi-build-20260916192536.log
